Payment successful for Transaction ID 1 using UPI
Refund successful for Transaction ID 1
PASS
ok  	go-wallet/go-wallet	1.108s
